\BOOKMARK [0][-]{chapter.1}{\376\377\0001\000\040\000I\000n\000t\000r\000o\000d\000u\000c\000t\000i\000o\000n\000\040\000a\000n\000d\000\040\000S\000c\000o\000p\000e}{}% 1
\BOOKMARK [1][-]{section.1.1}{\376\377\0001\000.\0001\000\040\000M\000o\000t\000i\000v\000a\000t\000i\000o\000n}{chapter.1}% 2
\BOOKMARK [1][-]{section.1.2}{\376\377\0001\000.\0002\000\040\000S\000c\000o\000p\000e\000\040\000D\000e\000f\000i\000n\000i\000t\000i\000o\000n}{chapter.1}% 3
\BOOKMARK [1][-]{section.1.3}{\376\377\0001\000.\0003\000\040\000D\000e\000s\000i\000g\000n\000\040\000P\000r\000i\000n\000c\000i\000p\000l\000e\000s}{chapter.1}% 4
\BOOKMARK [1][-]{section.1.4}{\376\377\0001\000.\0004\000\040\000P\000o\000s\000i\000t\000i\000o\000n\000i\000n\000g\000\040\000a\000n\000d\000\040\000N\000o\000v\000e\000l\000\040\000C\000o\000n\000t\000r\000i\000b\000u\000t\000i\000o\000n\000s}{chapter.1}% 5
\BOOKMARK [1][-]{section.1.5}{\376\377\0001\000.\0005\000\040\000P\000a\000p\000e\000r\000\040\000O\000r\000g\000a\000n\000i\000z\000a\000t\000i\000o\000n}{chapter.1}% 6
\BOOKMARK [0][-]{chapter.2}{\376\377\0002\000\040\000P\000e\000r\000c\000e\000p\000t\000u\000a\000l\000\040\000C\000o\000l\000o\000r\000\040\000F\000o\000u\000n\000d\000a\000t\000i\000o\000n\000s}{}% 7
\BOOKMARK [1][-]{section.2.1}{\376\377\0002\000.\0001\000\040\000P\000e\000r\000c\000e\000p\000t\000u\000a\000l\000\040\000F\000o\000u\000n\000d\000a\000t\000i\000o\000n\000s}{chapter.2}% 8
\BOOKMARK [1][-]{section.2.2}{\376\377\0002\000.\0002\000\040\000C\000o\000l\000o\000r\000\040\000S\000p\000a\000c\000e\000\040\000a\000s\000\040\000R\000i\000e\000m\000a\000n\000n\000i\000a\000n\000\040\000M\000a\000n\000i\000f\000o\000l\000d}{chapter.2}% 9
\BOOKMARK [2][-]{subsection.2.2.1}{\376\377\0002\000.\0002\000.\0001\000\040\000T\000h\000e\000o\000r\000e\000t\000i\000c\000a\000l\000\040\000F\000r\000a\000m\000e\000w\000o\000r\000k}{section.2.2}% 10
\BOOKMARK [2][-]{subsection.2.2.2}{\376\377\0002\000.\0002\000.\0002\000\040\000P\000r\000a\000c\000t\000i\000c\000a\000l\000\040\000I\000m\000p\000l\000i\000c\000a\000t\000i\000o\000n\000s}{section.2.2}% 11
\BOOKMARK [2][-]{subsection.2.2.3}{\376\377\0002\000.\0002\000.\0003\000\040\000C\000o\000m\000p\000u\000t\000a\000t\000i\000o\000n\000a\000l\000\040\000A\000p\000p\000r\000o\000x\000i\000m\000a\000t\000i\000o\000n}{section.2.2}% 12
\BOOKMARK [1][-]{section.2.3}{\376\377\0002\000.\0003\000\040\000T\000h\000e\000\040\0007\0002\0000\000\260\000\040\000T\000o\000p\000o\000l\000o\000g\000y\000\040\000a\000n\000d\000\040\000E\000u\000c\000l\000i\000d\000e\000a\000n\000\040\000I\000m\000p\000o\000s\000s\000i\000b\000i\000l\000i\000t\000y}{chapter.2}% 13
\BOOKMARK [2][-]{subsection.2.3.1}{\376\377\0002\000.\0003\000.\0001\000\040\000M\000a\000t\000h\000e\000m\000a\000t\000i\000c\000a\000l\000\040\000S\000t\000a\000t\000e\000m\000e\000n\000t}{section.2.3}% 14
\BOOKMARK [2][-]{subsection.2.3.2}{\376\377\0002\000.\0003\000.\0002\000\040\000P\000h\000y\000s\000i\000c\000a\000l\000\040\000I\000n\000t\000e\000r\000p\000r\000e\000t\000a\000t\000i\000o\000n}{section.2.3}% 15
\BOOKMARK [2][-]{subsection.2.3.3}{\376\377\0002\000.\0003\000.\0003\000\040\000I\000m\000p\000l\000i\000c\000a\000t\000i\000o\000n\000s\000\040\000f\000o\000r\000\040\000E\000x\000i\000s\000t\000i\000n\000g\000\040\000C\000o\000l\000o\000r\000\040\000S\000p\000a\000c\000e\000s}{section.2.3}% 16
\BOOKMARK [2][-]{subsection.2.3.4}{\376\377\0002\000.\0003\000.\0004\000\040\000C\000o\000n\000n\000e\000c\000t\000i\000o\000n\000\040\000t\000o\000\040\000M\000\366\000b\000i\000u\000s\000\040\000L\000o\000o\000p\000\040\000T\000o\000p\000o\000l\000o\000g\000y}{section.2.3}% 17
\BOOKMARK [1][-]{section.2.4}{\376\377\0002\000.\0004\000\040\000O\000K\000L\000a\000b\000\040\000C\000o\000l\000o\000r\000\040\000S\000p\000a\000c\000e}{chapter.2}% 18
\BOOKMARK [2][-]{subsection.2.4.1}{\376\377\0002\000.\0004\000.\0001\000\040\000D\000e\000s\000i\000g\000n\000\040\000R\000a\000t\000i\000o\000n\000a\000l\000e}{section.2.4}% 19
\BOOKMARK [2][-]{subsection.2.4.2}{\376\377\0002\000.\0004\000.\0002\000\040\000C\000o\000o\000r\000d\000i\000n\000a\000t\000e\000\040\000R\000e\000p\000r\000e\000s\000e\000n\000t\000a\000t\000i\000o\000n}{section.2.4}% 20
\BOOKMARK [2][-]{subsection.2.4.3}{\376\377\0002\000.\0004\000.\0003\000\040\000T\000r\000a\000n\000s\000f\000o\000r\000m\000a\000t\000i\000o\000n\000\040\000P\000i\000p\000e\000l\000i\000n\000e}{section.2.4}% 21
\BOOKMARK [2][-]{subsection.2.4.4}{\376\377\0002\000.\0004\000.\0004\000\040\000S\000i\000g\000n\000-\000P\000r\000e\000s\000e\000r\000v\000i\000n\000g\000\040\000C\000u\000b\000e\000\040\000R\000o\000o\000t}{section.2.4}% 22
\BOOKMARK [2][-]{subsection.2.4.5}{\376\377\0002\000.\0004\000.\0005\000\040\000C\000o\000m\000p\000u\000t\000a\000t\000i\000o\000n\000a\000l\000\040\000E\000f\000f\000i\000c\000i\000e\000n\000c\000y}{section.2.4}% 23
\BOOKMARK [2][-]{subsection.2.4.6}{\376\377\0002\000.\0004\000.\0006\000\040\000C\000a\000r\000t\000e\000s\000i\000a\000n\000\040\000v\000s\000.\000\040\000C\000y\000l\000i\000n\000d\000r\000i\000c\000a\000l\000\040\000C\000o\000o\000r\000d\000i\000n\000a\000t\000e\000s\000\040\000\050\000O\000K\000L\000C\000h\000\051}{section.2.4}% 24
\BOOKMARK [1][-]{section.2.5}{\376\377\0002\000.\0005\000\040\000T\000e\000m\000p\000o\000r\000a\000l\000\040\000v\000s\000.\000\040\000S\000p\000a\000t\000i\000a\000l\000\040\000C\000o\000l\000o\000r\000\040\000P\000e\000r\000c\000e\000p\000t\000i\000o\000n}{chapter.2}% 25
\BOOKMARK [2][-]{subsection.2.5.1}{\376\377\0002\000.\0005\000.\0001\000\040\000E\000y\000e\000\040\000M\000o\000v\000e\000m\000e\000n\000t\000\040\000a\000n\000d\000\040\000C\000h\000r\000o\000m\000a\000t\000i\000c\000\040\000S\000e\000n\000s\000i\000t\000i\000v\000i\000t\000y}{section.2.5}% 26
\BOOKMARK [2][-]{subsection.2.5.2}{\376\377\0002\000.\0005\000.\0002\000\040\000T\000e\000m\000p\000o\000r\000a\000l\000\040\000A\000s\000y\000m\000m\000e\000t\000r\000y\000\040\000i\000n\000\040\000C\000o\000l\000o\000r\000\040\000C\000h\000a\000n\000n\000e\000l\000s}{section.2.5}% 27
\BOOKMARK [2][-]{subsection.2.5.3}{\376\377\0002\000.\0005\000.\0003\000\040\000D\000e\000s\000i\000g\000n\000\040\000I\000m\000p\000l\000i\000c\000a\000t\000i\000o\000n\000s}{section.2.5}% 28
\BOOKMARK [1][-]{section.2.6}{\376\377\0002\000.\0006\000\040\000S\000u\000m\000m\000a\000r\000y\000:\000\040\000P\000e\000r\000c\000e\000p\000t\000u\000a\000l\000\040\000F\000o\000u\000n\000d\000a\000t\000i\000o\000n\000s\000\040\000D\000e\000t\000e\000r\000m\000i\000n\000e\000\040\000E\000n\000g\000i\000n\000e\000e\000r\000i\000n\000g\000\040\000C\000o\000n\000s\000t\000r\000a\000i\000n\000t\000s}{chapter.2}% 29
\BOOKMARK [2][-]{subsection.2.6.1}{\376\377\0002\000.\0006\000.\0001\000\040\000I\000m\000p\000l\000i\000c\000a\000t\000i\000o\000n\000s\000\040\000f\000o\000r\000\040\000J\000o\000u\000r\000n\000e\000y\000\040\000C\000o\000n\000s\000t\000r\000u\000c\000t\000i\000o\000n}{section.2.6}% 30
\BOOKMARK [0][-]{chapter.3}{\376\377\0003\000\040\000J\000o\000u\000r\000n\000e\000y\000\040\000C\000o\000n\000s\000t\000r\000u\000c\000t\000i\000o\000n}{}% 31
\BOOKMARK [1][-]{section.3.1}{\376\377\0003\000.\0001\000\040\000T\000h\000e\000\040\000J\000o\000u\000r\000n\000e\000y\000\040\000M\000e\000t\000a\000p\000h\000o\000r}{chapter.3}% 32
\BOOKMARK [1][-]{section.3.2}{\376\377\0003\000.\0002\000\040\000A\000n\000c\000h\000o\000r\000\040\000C\000o\000l\000o\000r\000s}{chapter.3}% 33
\BOOKMARK [1][-]{section.3.3}{\376\377\0003\000.\0003\000\040\000M\000o\000o\000d\000\040\000E\000x\000p\000a\000n\000s\000i\000o\000n\000\040\000\050\000S\000i\000n\000g\000l\000e\000-\000A\000n\000c\000h\000o\000r\000\040\000C\000a\000s\000e\000\051}{chapter.3}% 34
\BOOKMARK [1][-]{section.3.4}{\376\377\0003\000.\0004\000\040\000M\000u\000l\000t\000i\000-\000A\000n\000c\000h\000o\000r\000\040\000P\000a\000t\000h\000s}{chapter.3}% 35
\BOOKMARK [1][-]{section.3.5}{\376\377\0003\000.\0005\000\040\000B\000\351\000z\000i\000e\000r\000\040\000C\000u\000r\000v\000e\000\040\000C\000o\000n\000s\000t\000r\000u\000c\000t\000i\000o\000n}{chapter.3}% 36
\BOOKMARK [1][-]{section.3.6}{\376\377\0003\000.\0006\000\040\000A\000r\000c\000-\000L\000e\000n\000g\000t\000h\000\040\000P\000a\000r\000a\000m\000e\000t\000e\000r\000i\000s\000a\000t\000i\000o\000n}{chapter.3}% 37
\BOOKMARK [0][-]{chapter.4}{\376\377\0004\000\040\000P\000e\000r\000c\000e\000p\000t\000u\000a\000l\000\040\000C\000o\000n\000s\000t\000r\000a\000i\000n\000t\000s}{}% 38
\BOOKMARK [1][-]{section.4.1}{\376\377\0004\000.\0001\000\040\000J\000u\000s\000t\000-\000N\000o\000t\000i\000c\000e\000a\000b\000l\000e\000\040\000D\000i\000f\000f\000e\000r\000e\000n\000c\000e}{chapter.4}% 39
\BOOKMARK [1][-]{section.4.2}{\376\377\0004\000.\0002\000\040\000\040\000C\000o\000n\000s\000t\000r\000a\000i\000n\000t\000\040\000\050\000D\000i\000s\000t\000i\000n\000g\000u\000i\000s\000h\000a\000b\000i\000l\000i\000t\000y\000\051}{chapter.4}% 40
\BOOKMARK [1][-]{section.4.3}{\376\377\0004\000.\0003\000\040\000\040\000C\000o\000n\000s\000t\000r\000a\000i\000n\000t\000\040\000\050\000C\000o\000h\000e\000r\000e\000n\000c\000e\000\051}{chapter.4}% 41
\BOOKMARK [1][-]{section.4.4}{\376\377\0004\000.\0004\000\040\000A\000d\000a\000p\000t\000i\000v\000e\000\040\000S\000a\000m\000p\000l\000i\000n\000g}{chapter.4}% 42
\BOOKMARK [1][-]{section.4.5}{\376\377\0004\000.\0005\000\040\000C\000o\000n\000s\000t\000r\000a\000i\000n\000t\000\040\000E\000n\000f\000o\000r\000c\000e\000m\000e\000n\000t}{chapter.4}% 43
\BOOKMARK [0][-]{chapter.5}{\376\377\0005\000\040\000U\000s\000e\000r\000-\000F\000a\000c\000i\000n\000g\000\040\000S\000t\000y\000l\000e\000\040\000C\000o\000n\000t\000r\000o\000l\000s}{}% 44
\BOOKMARK [1][-]{section.5.1}{\376\377\0005\000.\0001\000\040\000T\000e\000m\000p\000e\000r\000a\000t\000u\000r\000e\000\040\000C\000o\000n\000t\000r\000o\000l}{chapter.5}% 45
\BOOKMARK [1][-]{section.5.2}{\376\377\0005\000.\0002\000\040\000I\000n\000t\000e\000n\000s\000i\000t\000y\000\040\000C\000o\000n\000t\000r\000o\000l}{chapter.5}% 46
\BOOKMARK [1][-]{section.5.3}{\376\377\0005\000.\0003\000\040\000S\000m\000o\000o\000t\000h\000n\000e\000s\000s\000\040\000C\000o\000n\000t\000r\000o\000l}{chapter.5}% 47
\BOOKMARK [1][-]{section.5.4}{\376\377\0005\000.\0004\000\040\000S\000e\000c\000o\000n\000d\000a\000r\000y\000\040\000P\000a\000r\000a\000m\000e\000t\000e\000r\000s}{chapter.5}% 48
\BOOKMARK [1][-]{section.5.5}{\376\377\0005\000.\0005\000\040\000P\000a\000r\000a\000m\000e\000t\000e\000r\000\040\000I\000n\000t\000e\000r\000a\000c\000t\000i\000o\000n\000s}{chapter.5}% 49
\BOOKMARK [0][-]{chapter.6}{\376\377\0006\000\040\000M\000o\000d\000e\000s\000\040\000o\000f\000\040\000O\000p\000e\000r\000a\000t\000i\000o\000n}{}% 50
\BOOKMARK [1][-]{section.6.1}{\376\377\0006\000.\0001\000\040\000J\000o\000u\000r\000n\000e\000y\000\040\000M\000o\000d\000e}{chapter.6}% 51
\BOOKMARK [1][-]{section.6.2}{\376\377\0006\000.\0002\000\040\000C\000a\000t\000e\000g\000o\000r\000i\000c\000a\000l\000\040\000M\000o\000d\000e}{chapter.6}% 52
\BOOKMARK [1][-]{section.6.3}{\376\377\0006\000.\0003\000\040\000P\000e\000r\000c\000e\000p\000t\000u\000a\000l\000\040\000V\000e\000l\000o\000c\000i\000t\000y}{chapter.6}% 53
\BOOKMARK [1][-]{section.6.4}{\376\377\0006\000.\0004\000\040\000M\000o\000d\000e\000\040\000S\000e\000l\000e\000c\000t\000i\000o\000n\000\040\000G\000u\000i\000d\000e\000l\000i\000n\000e\000s}{chapter.6}% 54
\BOOKMARK [0][-]{chapter.7}{\376\377\0007\000\040\000L\000o\000o\000p\000\040\000S\000t\000r\000a\000t\000e\000g\000i\000e\000s}{}% 55
\BOOKMARK [1][-]{section.7.1}{\376\377\0007\000.\0001\000\040\000O\000p\000e\000n\000\040\000S\000t\000r\000a\000t\000e\000g\000y}{chapter.7}% 56
\BOOKMARK [1][-]{section.7.2}{\376\377\0007\000.\0002\000\040\000C\000l\000o\000s\000e\000d\000\040\000S\000t\000r\000a\000t\000e\000g\000y}{chapter.7}% 57
\BOOKMARK [1][-]{section.7.3}{\376\377\0007\000.\0003\000\040\000P\000i\000n\000g\000-\000P\000o\000n\000g\000\040\000S\000t\000r\000a\000t\000e\000g\000y}{chapter.7}% 58
\BOOKMARK [1][-]{section.7.4}{\376\377\0007\000.\0004\000\040\000M\000\366\000b\000i\000u\000s\000\040\000S\000t\000r\000a\000t\000e\000g\000y}{chapter.7}% 59
\BOOKMARK [1][-]{section.7.5}{\376\377\0007\000.\0005\000\040\000P\000h\000a\000s\000e\000d\000\040\000S\000t\000r\000a\000t\000e\000g\000y}{chapter.7}% 60
\BOOKMARK [1][-]{section.7.6}{\376\377\0007\000.\0006\000\040\000O\000u\000t\000p\000u\000t\000\040\000S\000e\000m\000a\000n\000t\000i\000c\000s}{chapter.7}% 61
\BOOKMARK [0][-]{chapter.8}{\376\377\0008\000\040\000G\000a\000m\000u\000t\000\040\000M\000a\000n\000a\000g\000e\000m\000e\000n\000t}{}% 62
\BOOKMARK [1][-]{section.8.1}{\376\377\0008\000.\0001\000\040\000T\000h\000e\000\040\000G\000a\000m\000u\000t\000\040\000B\000o\000u\000n\000d\000a\000r\000y\000\040\000P\000r\000o\000b\000l\000e\000m}{chapter.8}% 63
\BOOKMARK [1][-]{section.8.2}{\376\377\0008\000.\0002\000\040\000D\000e\000s\000i\000g\000n\000-\000T\000i\000m\000e\000\040\000G\000a\000m\000u\000t\000\040\000A\000w\000a\000r\000e\000n\000e\000s\000s}{chapter.8}% 64
\BOOKMARK [1][-]{section.8.3}{\376\377\0008\000.\0003\000\040\000G\000a\000m\000u\000t\000\040\000C\000o\000r\000r\000e\000c\000t\000i\000o\000n}{chapter.8}% 65
\BOOKMARK [1][-]{section.8.4}{\376\377\0008\000.\0004\000\040\000H\000u\000e\000\040\000P\000r\000e\000s\000e\000r\000v\000a\000t\000i\000o\000n}{chapter.8}% 66
\BOOKMARK [0][-]{chapter.9}{\376\377\0009\000\040\000V\000a\000r\000i\000a\000t\000i\000o\000n\000\040\000a\000n\000d\000\040\000D\000e\000t\000e\000r\000m\000i\000n\000i\000s\000m}{}% 67
\BOOKMARK [1][-]{section.9.1}{\376\377\0009\000.\0001\000\040\000D\000e\000t\000e\000r\000m\000i\000n\000i\000s\000m\000\040\000R\000e\000q\000u\000i\000r\000e\000m\000e\000n\000t}{chapter.9}% 68
\BOOKMARK [1][-]{section.9.2}{\376\377\0009\000.\0002\000\040\000C\000o\000n\000t\000r\000o\000l\000l\000e\000d\000\040\000V\000a\000r\000i\000a\000t\000i\000o\000n}{chapter.9}% 69
\BOOKMARK [1][-]{section.9.3}{\376\377\0009\000.\0003\000\040\000S\000e\000e\000d\000\040\000H\000a\000n\000d\000l\000i\000n\000g}{chapter.9}% 70
\BOOKMARK [1][-]{section.9.4}{\376\377\0009\000.\0004\000\040\000R\000e\000p\000r\000o\000d\000u\000c\000i\000b\000i\000l\000i\000t\000y}{chapter.9}% 71
\BOOKMARK [0][-]{chapter.10}{\376\377\0001\0000\000\040\000A\000P\000I\000\040\000D\000e\000s\000i\000g\000n\000\040\000a\000n\000d\000\040\000O\000u\000t\000p\000u\000t\000\040\000S\000t\000r\000u\000c\000t\000u\000r\000e}{}% 72
\BOOKMARK [1][-]{section.10.1}{\376\377\0001\0000\000.\0001\000\040\000A\000P\000I\000\040\000P\000h\000i\000l\000o\000s\000o\000p\000h\000y}{chapter.10}% 73
\BOOKMARK [1][-]{section.10.2}{\376\377\0001\0000\000.\0002\000\040\000I\000n\000p\000u\000t\000\040\000P\000a\000r\000a\000m\000e\000t\000e\000r\000s}{chapter.10}% 74
\BOOKMARK [1][-]{section.10.3}{\376\377\0001\0000\000.\0003\000\040\000O\000u\000t\000p\000u\000t\000\040\000S\000t\000r\000u\000c\000t\000u\000r\000e}{chapter.10}% 75
\BOOKMARK [1][-]{section.10.4}{\376\377\0001\0000\000.\0004\000\040\000D\000i\000a\000g\000n\000o\000s\000t\000i\000c\000\040\000I\000n\000f\000o\000r\000m\000a\000t\000i\000o\000n}{chapter.10}% 76
\BOOKMARK [1][-]{section.10.5}{\376\377\0001\0000\000.\0005\000\040\000S\000c\000o\000p\000e\000\040\000B\000o\000u\000n\000d\000a\000r\000i\000e\000s}{chapter.10}% 77
\BOOKMARK [1][-]{section.10.6}{\376\377\0001\0000\000.\0006\000\040\000P\000e\000r\000f\000o\000r\000m\000a\000n\000c\000e\000\040\000C\000h\000a\000r\000a\000c\000t\000e\000r\000i\000s\000t\000i\000c\000s}{chapter.10}% 78
\BOOKMARK [0][-]{chapter.11}{\376\377\0001\0001\000\040\000C\000a\000l\000l\000e\000r\000\040\000R\000e\000s\000p\000o\000n\000s\000i\000b\000i\000l\000i\000t\000i\000e\000s}{}% 79
\BOOKMARK [1][-]{section.11.1}{\376\377\0001\0001\000.\0001\000\040\000I\000n\000p\000u\000t\000\040\000V\000a\000l\000i\000d\000a\000t\000i\000o\000n}{chapter.11}% 80
\BOOKMARK [1][-]{section.11.2}{\376\377\0001\0001\000.\0002\000\040\000E\000n\000g\000i\000n\000e\000\040\000G\000u\000a\000r\000a\000n\000t\000e\000e\000s}{chapter.11}% 81
\BOOKMARK [1][-]{section.11.3}{\376\377\0001\0001\000.\0003\000\040\000C\000a\000l\000l\000e\000r\000\040\000R\000e\000s\000p\000o\000n\000s\000i\000b\000i\000l\000i\000t\000i\000e\000s}{chapter.11}% 82
\BOOKMARK [1][-]{section.11.4}{\376\377\0001\0001\000.\0004\000\040\000E\000r\000r\000o\000r\000\040\000H\000a\000n\000d\000l\000i\000n\000g}{chapter.11}% 83
\BOOKMARK [0][-]{chapter.12}{\376\377\0001\0002\000\040\000C\000o\000n\000c\000l\000u\000s\000i\000o\000n\000\040\000a\000n\000d\000\040\000F\000u\000t\000u\000r\000e\000\040\000D\000i\000r\000e\000c\000t\000i\000o\000n\000s}{}% 84
\BOOKMARK [1][-]{section.12.1}{\376\377\0001\0002\000.\0001\000\040\000S\000u\000m\000m\000a\000r\000y}{chapter.12}% 85
\BOOKMARK [1][-]{section.12.2}{\376\377\0001\0002\000.\0002\000\040\000K\000e\000y\000\040\000C\000o\000n\000t\000r\000i\000b\000u\000t\000i\000o\000n\000s}{chapter.12}% 86
\BOOKMARK [1][-]{section.12.3}{\376\377\0001\0002\000.\0003\000\040\000F\000u\000t\000u\000r\000e\000\040\000D\000i\000r\000e\000c\000t\000i\000o\000n\000s}{chapter.12}% 87
\BOOKMARK [0][-]{chapter*.5}{\376\377\000R\000e\000f\000e\000r\000e\000n\000c\000e\000s}{}% 88
\BOOKMARK [0][-]{appendix.A}{\376\377\000A\000\040\000P\000r\000e\000s\000e\000t\000\040\000R\000e\000f\000e\000r\000e\000n\000c\000e}{}% 89
\BOOKMARK [1][-]{section.A.1}{\376\377\000A\000.\0001\000\040\000O\000v\000e\000r\000v\000i\000e\000w}{appendix.A}% 90
\BOOKMARK [1][-]{section.A.2}{\376\377\000A\000.\0002\000\040\000P\000r\000e\000s\000e\000t\000\040\000T\000a\000b\000l\000e}{appendix.A}% 91
\BOOKMARK [1][-]{section.A.3}{\376\377\000A\000.\0003\000\040\000P\000r\000e\000s\000e\000t\000\040\000D\000e\000s\000c\000r\000i\000p\000t\000i\000o\000n\000s}{appendix.A}% 92
\BOOKMARK [2][-]{subsection.A.3.1}{\376\377\000A\000.\0003\000.\0001\000\040\000B\000a\000s\000i\000c\000\040\000P\000r\000e\000s\000e\000t\000s}{section.A.3}% 93
\BOOKMARK [2][-]{subsection.A.3.2}{\376\377\000A\000.\0003\000.\0002\000\040\000M\000o\000o\000d\000-\000B\000a\000s\000e\000d\000\040\000P\000r\000e\000s\000e\000t\000s}{section.A.3}% 94
\BOOKMARK [2][-]{subsection.A.3.3}{\376\377\000A\000.\0003\000.\0003\000\040\000S\000t\000y\000l\000i\000s\000t\000i\000c\000\040\000P\000r\000e\000s\000e\000t\000s}{section.A.3}% 95
\BOOKMARK [2][-]{subsection.A.3.4}{\376\377\000A\000.\0003\000.\0004\000\040\000D\000a\000t\000a\000\040\000V\000i\000s\000u\000a\000l\000i\000s\000a\000t\000i\000o\000n\000\040\000P\000r\000e\000s\000e\000t\000s}{section.A.3}% 96
\BOOKMARK [2][-]{subsection.A.3.5}{\376\377\000A\000.\0003\000.\0005\000\040\000A\000n\000i\000m\000a\000t\000i\000o\000n\000\040\000P\000r\000e\000s\000e\000t\000s}{section.A.3}% 97
\BOOKMARK [1][-]{section.A.4}{\376\377\000A\000.\0004\000\040\000P\000r\000e\000s\000e\000t\000\040\000S\000e\000l\000e\000c\000t\000i\000o\000n\000\040\000G\000u\000i\000d\000e}{appendix.A}% 98
\BOOKMARK [0][-]{appendix.B}{\376\377\000B\000\040\000M\000a\000t\000h\000e\000m\000a\000t\000i\000c\000a\000l\000\040\000N\000o\000t\000a\000t\000i\000o\000n}{}% 99
\BOOKMARK [1][-]{section.B.1}{\376\377\000B\000.\0001\000\040\000C\000o\000l\000o\000r\000\040\000S\000p\000a\000c\000e\000\040\000N\000o\000t\000a\000t\000i\000o\000n}{appendix.B}% 100
\BOOKMARK [2][-]{subsection.B.1.1}{\376\377\000B\000.\0001\000.\0001\000\040\000O\000K\000L\000a\000b\000\040\000C\000o\000o\000r\000d\000i\000n\000a\000t\000e\000s}{section.B.1}% 101
\BOOKMARK [2][-]{subsection.B.1.2}{\376\377\000B\000.\0001\000.\0002\000\040\000O\000K\000L\000C\000h\000\040\000C\000o\000o\000r\000d\000i\000n\000a\000t\000e\000s\000\040\000\050\000C\000y\000l\000i\000n\000d\000r\000i\000c\000a\000l\000\040\000F\000o\000r\000m\000\051}{section.B.1}% 102
\BOOKMARK [2][-]{subsection.B.1.3}{\376\377\000B\000.\0001\000.\0003\000\040\000C\000o\000n\000v\000e\000r\000s\000i\000o\000n\000\040\000M\000a\000t\000r\000i\000c\000e\000s}{section.B.1}% 103
\BOOKMARK [1][-]{section.B.2}{\376\377\000B\000.\0002\000\040\000D\000i\000s\000t\000a\000n\000c\000e\000\040\000a\000n\000d\000\040\000C\000o\000n\000s\000t\000r\000a\000i\000n\000t\000\040\000N\000o\000t\000a\000t\000i\000o\000n}{appendix.B}% 104
\BOOKMARK [2][-]{subsection.B.2.1}{\376\377\000B\000.\0002\000.\0001\000\040\000P\000e\000r\000c\000e\000p\000t\000u\000a\000l\000\040\000D\000i\000s\000t\000a\000n\000c\000e}{section.B.2}% 105
\BOOKMARK [2][-]{subsection.B.2.2}{\376\377\000B\000.\0002\000.\0002\000\040\000C\000o\000n\000s\000t\000r\000a\000i\000n\000t\000\040\000T\000h\000r\000e\000s\000h\000o\000l\000d\000s}{section.B.2}% 106
\BOOKMARK [1][-]{section.B.3}{\376\377\000B\000.\0003\000\040\000C\000u\000r\000v\000e\000\040\000a\000n\000d\000\040\000P\000a\000t\000h\000\040\000N\000o\000t\000a\000t\000i\000o\000n}{appendix.B}% 107
\BOOKMARK [2][-]{subsection.B.3.1}{\376\377\000B\000.\0003\000.\0001\000\040\000B\000\351\000z\000i\000e\000r\000\040\000C\000u\000r\000v\000e\000\040\000E\000l\000e\000m\000e\000n\000t\000s}{section.B.3}% 108
\BOOKMARK [2][-]{subsection.B.3.2}{\376\377\000B\000.\0003\000.\0002\000\040\000P\000a\000t\000h\000\040\000C\000o\000n\000s\000t\000r\000u\000c\000t\000i\000o\000n}{section.B.3}% 109
\BOOKMARK [2][-]{subsection.B.3.3}{\376\377\000B\000.\0003\000.\0003\000\040\000B\000\351\000z\000i\000e\000r\000\040\000C\000u\000r\000v\000e\000\040\000F\000o\000r\000m\000u\000l\000a}{section.B.3}% 110
\BOOKMARK [1][-]{section.B.4}{\376\377\000B\000.\0004\000\040\000A\000n\000c\000h\000o\000r\000\040\000N\000o\000t\000a\000t\000i\000o\000n}{appendix.B}% 111
\BOOKMARK [1][-]{section.B.5}{\376\377\000B\000.\0005\000\040\000P\000a\000r\000a\000m\000e\000t\000e\000r\000\040\000N\000o\000t\000a\000t\000i\000o\000n}{appendix.B}% 112
\BOOKMARK [2][-]{subsection.B.5.1}{\376\377\000B\000.\0005\000.\0001\000\040\000P\000r\000i\000m\000a\000r\000y\000\040\000S\000t\000y\000l\000e\000\040\000P\000a\000r\000a\000m\000e\000t\000e\000r\000s}{section.B.5}% 113
\BOOKMARK [2][-]{subsection.B.5.2}{\376\377\000B\000.\0005\000.\0002\000\040\000S\000e\000c\000o\000n\000d\000a\000r\000y\000\040\000S\000t\000y\000l\000e\000\040\000P\000a\000r\000a\000m\000e\000t\000e\000r\000s}{section.B.5}% 114
\BOOKMARK [2][-]{subsection.B.5.3}{\376\377\000B\000.\0005\000.\0003\000\040\000D\000e\000r\000i\000v\000e\000d\000\040\000V\000a\000l\000u\000e\000s}{section.B.5}% 115
\BOOKMARK [1][-]{section.B.6}{\376\377\000B\000.\0006\000\040\000V\000a\000r\000i\000a\000t\000i\000o\000n\000\040\000a\000n\000d\000\040\000D\000e\000t\000e\000r\000m\000i\000n\000i\000s\000m\000\040\000N\000o\000t\000a\000t\000i\000o\000n}{appendix.B}% 116
\BOOKMARK [1][-]{section.B.7}{\376\377\000B\000.\0007\000\040\000L\000o\000o\000p\000\040\000S\000t\000r\000a\000t\000e\000g\000y\000\040\000N\000o\000t\000a\000t\000i\000o\000n}{appendix.B}% 117
\BOOKMARK [2][-]{subsection.B.7.1}{\376\377\000B\000.\0007\000.\0001\000\040\000L\000o\000o\000p\000\040\000P\000a\000r\000a\000m\000e\000t\000e\000r\000\040\000T\000r\000a\000n\000s\000f\000o\000r\000m\000s}{section.B.7}% 118
\BOOKMARK [1][-]{section.B.8}{\376\377\000B\000.\0008\000\040\000G\000a\000m\000u\000t\000\040\000N\000o\000t\000a\000t\000i\000o\000n}{appendix.B}% 119
\BOOKMARK [1][-]{section.B.9}{\376\377\000B\000.\0009\000\040\000P\000e\000r\000c\000e\000p\000t\000u\000a\000l\000\040\000V\000e\000l\000o\000c\000i\000t\000y\000\040\000N\000o\000t\000a\000t\000i\000o\000n}{appendix.B}% 120
\BOOKMARK [0][-]{appendix.C}{\376\377\000C\000\040\000I\000m\000p\000l\000e\000m\000e\000n\000t\000a\000t\000i\000o\000n\000\040\000E\000x\000a\000m\000p\000l\000e\000s}{}% 121
\BOOKMARK [1][-]{section.C.1}{\376\377\000C\000.\0001\000\040\000B\000a\000s\000i\000c\000\040\000U\000s\000a\000g\000e}{appendix.C}% 122
\BOOKMARK [2][-]{subsection.C.1.1}{\376\377\000C\000.\0001\000.\0001\000\040\000S\000i\000m\000p\000l\000e\000\040\000T\000w\000o\000-\000A\000n\000c\000h\000o\000r\000\040\000G\000r\000a\000d\000i\000e\000n\000t}{section.C.1}% 123
\BOOKMARK [2][-]{subsection.C.1.2}{\376\377\000C\000.\0001\000.\0002\000\040\000M\000u\000l\000t\000i\000-\000A\000n\000c\000h\000o\000r\000\040\000J\000o\000u\000r\000n\000e\000y}{section.C.1}% 124
\BOOKMARK [1][-]{section.C.2}{\376\377\000C\000.\0002\000\040\000S\000i\000n\000g\000l\000e\000-\000A\000n\000c\000h\000o\000r\000\040\000E\000x\000p\000a\000n\000s\000i\000o\000n}{appendix.C}% 125
\BOOKMARK [2][-]{subsection.C.2.1}{\376\377\000C\000.\0002\000.\0001\000\040\000B\000r\000a\000n\000d\000\040\000C\000o\000l\000o\000r\000\040\000S\000t\000a\000t\000e\000\040\000V\000a\000r\000i\000a\000n\000t\000s}{section.C.2}% 126
\BOOKMARK [1][-]{section.C.3}{\376\377\000C\000.\0003\000\040\000C\000a\000t\000e\000g\000o\000r\000i\000c\000a\000l\000\040\000M\000o\000d\000e}{appendix.C}% 127
\BOOKMARK [2][-]{subsection.C.3.1}{\376\377\000C\000.\0003\000.\0001\000\040\000C\000a\000t\000e\000g\000o\000r\000i\000c\000a\000l\000\040\000w\000i\000t\000h\000\040\000F\000i\000x\000e\000d\000\040\000A\000n\000c\000h\000o\000r\000s}{section.C.3}% 128
\BOOKMARK [1][-]{section.C.4}{\376\377\000C\000.\0004\000\040\000T\000e\000m\000p\000e\000r\000a\000t\000u\000r\000e\000\040\000C\000o\000n\000t\000r\000o\000l}{appendix.C}% 129
\BOOKMARK [1][-]{section.C.5}{\376\377\000C\000.\0005\000\040\000L\000o\000o\000p\000\040\000S\000t\000r\000a\000t\000e\000g\000i\000e\000s}{appendix.C}% 130
\BOOKMARK [2][-]{subsection.C.5.1}{\376\377\000C\000.\0005\000.\0001\000\040\000C\000l\000o\000s\000e\000d\000\040\000L\000o\000o\000p\000\040\000f\000o\000r\000\040\000A\000n\000i\000m\000a\000t\000i\000o\000n}{section.C.5}% 131
\BOOKMARK [2][-]{subsection.C.5.2}{\376\377\000C\000.\0005\000.\0002\000\040\000P\000i\000n\000g\000-\000P\000o\000n\000g\000\040\000f\000o\000r\000\040\000B\000r\000e\000a\000t\000h\000i\000n\000g\000\040\000E\000f\000f\000e\000c\000t}{section.C.5}% 132
\BOOKMARK [2][-]{subsection.C.5.3}{\376\377\000C\000.\0005\000.\0003\000\040\000P\000h\000a\000s\000e\000d\000\040\000L\000o\000o\000p\000\040\000f\000o\000r\000\040\000E\000v\000o\000l\000u\000t\000i\000o\000n}{section.C.5}% 133
\BOOKMARK [1][-]{section.C.6}{\376\377\000C\000.\0006\000\040\000F\000u\000l\000l\000\040\000C\000o\000n\000f\000i\000g\000u\000r\000a\000t\000i\000o\000n}{appendix.C}% 134
\BOOKMARK [1][-]{section.C.7}{\376\377\000C\000.\0007\000\040\000W\000o\000r\000k\000i\000n\000g\000\040\000w\000i\000t\000h\000\040\000O\000u\000t\000p\000u\000t}{appendix.C}% 135
\BOOKMARK [2][-]{subsection.C.7.1}{\376\377\000C\000.\0007\000.\0001\000\040\000A\000c\000c\000e\000s\000s\000i\000n\000g\000\040\000C\000o\000l\000o\000r\000\040\000F\000o\000r\000m\000a\000t\000s}{section.C.7}% 136
\BOOKMARK [2][-]{subsection.C.7.2}{\376\377\000C\000.\0007\000.\0002\000\040\000U\000s\000i\000n\000g\000\040\000D\000i\000a\000g\000n\000o\000s\000t\000i\000c\000s}{section.C.7}% 137
\BOOKMARK [1][-]{section.C.8}{\376\377\000C\000.\0008\000\040\000C\000o\000m\000m\000o\000n\000\040\000P\000a\000t\000t\000e\000r\000n\000s}{appendix.C}% 138
\BOOKMARK [2][-]{subsection.C.8.1}{\376\377\000C\000.\0008\000.\0001\000\040\000D\000i\000v\000e\000r\000g\000i\000n\000g\000\040\000C\000o\000l\000o\000r\000\040\000S\000c\000a\000l\000e}{section.C.8}% 139
\BOOKMARK [2][-]{subsection.C.8.2}{\376\377\000C\000.\0008\000.\0002\000\040\000S\000e\000q\000u\000e\000n\000t\000i\000a\000l\000\040\000S\000c\000a\000l\000e\000\040\000w\000i\000t\000h\000\040\000P\000r\000e\000s\000e\000t}{section.C.8}% 140
\BOOKMARK [2][-]{subsection.C.8.3}{\376\377\000C\000.\0008\000.\0003\000\040\000R\000e\000p\000r\000o\000d\000u\000c\000i\000n\000g\000\040\000a\000\040\000P\000a\000l\000e\000t\000t\000e}{section.C.8}% 141
\BOOKMARK [0][-]{appendix.D}{\376\377\000D\000\040\000Q\000u\000i\000c\000k\000\040\000R\000e\000f\000e\000r\000e\000n\000c\000e}{}% 142
\BOOKMARK [1][-]{section.D.1}{\376\377\000D\000.\0001\000\040\000Q\000u\000i\000c\000k\000\040\000R\000e\000f\000e\000r\000e\000n\000c\000e\000\040\000f\000o\000r\000\040\000T\000e\000a\000m\000\040\000D\000i\000s\000c\000u\000s\000s\000i\000o\000n\000s}{appendix.D}% 143
\BOOKMARK [2][-]{subsection.D.1.1}{\376\377\000D\000.\0001\000.\0001\000\040\000C\000o\000n\000c\000e\000p\000t\000\040\000M\000a\000p}{section.D.1}% 144
\BOOKMARK [2][-]{subsection.D.1.2}{\376\377\000D\000.\0001\000.\0002\000\040\000D\000e\000c\000i\000s\000i\000o\000n\000\040\000R\000a\000t\000i\000o\000n\000a\000l\000e\000\040\000S\000u\000m\000m\000a\000r\000y}{section.D.1}% 145
\BOOKMARK [2][-]{subsection.D.1.3}{\376\377\000D\000.\0001\000.\0003\000\040\000P\000a\000r\000a\000m\000e\000t\000e\000r\000\040\000Q\000u\000i\000c\000k\000\040\000R\000e\000f\000e\000r\000e\000n\000c\000e}{section.D.1}% 146
\BOOKMARK [2][-]{subsection.D.1.4}{\376\377\000D\000.\0001\000.\0004\000\040\000O\000u\000t\000p\000u\000t\000\040\000S\000t\000r\000u\000c\000t\000u\000r\000e\000\040\000Q\000u\000i\000c\000k\000\040\000R\000e\000f\000e\000r\000e\000n\000c\000e}{section.D.1}% 147
\BOOKMARK [2][-]{subsection.D.1.5}{\376\377\000D\000.\0001\000.\0005\000\040\000C\000o\000m\000m\000o\000n\000\040\000U\000s\000e\000\040\000C\000a\000s\000e\000s}{section.D.1}% 148
\BOOKMARK [2][-]{subsection.D.1.6}{\376\377\000D\000.\0001\000.\0006\000\040\000P\000e\000r\000c\000e\000p\000t\000u\000a\000l\000\040\000D\000i\000s\000t\000a\000n\000c\000e\000\040\000I\000n\000t\000e\000r\000p\000r\000e\000t\000a\000t\000i\000o\000n}{section.D.1}% 149
\BOOKMARK [2][-]{subsection.D.1.7}{\376\377\000D\000.\0001\000.\0007\000\040\000T\000r\000o\000u\000b\000l\000e\000s\000h\000o\000o\000t\000i\000n\000g\000\040\000G\000u\000i\000d\000e}{section.D.1}% 150
\BOOKMARK [2][-]{subsection.D.1.8}{\376\377\000D\000.\0001\000.\0008\000\040\000C\000o\000n\000s\000t\000r\000a\000i\000n\000t\000\040\000S\000u\000m\000m\000a\000r\000y}{section.D.1}% 151
\BOOKMARK [0][-]{appendix.E}{\376\377\000E\000\040\000O\000K\000L\000a\000b\000\040\000R\000e\000f\000e\000r\000e\000n\000c\000e\000\040\000C\000o\000d\000e}{}% 152
